============================= test session starts ==============================
platform linux -- Python 3.10.6, pytest-7.1.3, pluggy-1.0.0
rootdir: /home/writatas/Documents/anon_mood_board
collected 2 items

tests/test_character_escaping.py .                                       [ 50%]
tests/test_endpoints.py .                                                [100%]

============================== 2 passed in 0.17s ===============================
